// Jest Snapshot v1, https://goo.gl/fbAQLP

exports[`Inputs component renders 1`] = `
<div
  className="container-fluid"
>
  <div
    className="row"
  >
    <div
      className="col"
    >
      <Connect(FilterComponent) />
    </div>
    <div
      className="col"
    >
      <Connect(SortingComponent) />
    </div>
    <div
      className="col"
    >
      <a
        href="csvLink"
      >
        Download CSV
      </a>
    </div>
  </div>
</div>
`;
